// Jest Snapshot v1, https://jestjs.io/docs/snapshot-testing

exports[`diff.ts test complex diff markdown 1`] = `
"---
\`\`\`diff
🌊 wave1
  🏗 stage1
    📦 StackA (wave1_stage1_stack-a)
!       [~] AWS::SNS::Topic TopicA1C813746 TopicA1C813746
!         └─ [~] DisplayName
!             ├─ [-] "Topic A"
!             └─ [+] "Topic A Change"
  🏗 wave1stage2
    📦 StackB (wave1_wave1stage2_stack-b)
-       [-] AWS::SNS::Topic TopicB2E0A749C TopicB2E0A749C
🌊 wave2
  🏗 stage1
    📦 StackC (wave2_stage1_stack-c)
+       [+] AWS::SNS::Topic TopicCB48CAADF TopicCB48CAADF
\`\`\`
"
`;
